// Vitest Snapshot v1, https://vitest.dev/guide/snapshot.html

exports[`Challenge > should render properly 1`] = `
<div
  class="css-17djdg7"
  data-component-name="Challenge"
>
  <div
    class="css-wlnjiv"
    data-component-name="Columns"
  >
    <div
      class="css-16gbgy6"
      data-component-name="ChallengeColumn"
      data-id="todo"
    >
      <h4
        class="css-mgc95p"
        data-component-name="H4"
      >
        To Do
      </h4>
      <div
        class="css-1g9f7v4"
        data-component-name="TodoList"
      >
        <div
          class="css-ldpr0n"
          data-component-name="NonIdealState"
        >
          <div
            class="css-z5ifs4"
            data-component-name="Flex"
          >
            <span
              class="css-1l1reyq"
              data-component-name="Icon"
              name="tasklist"
            />
          </div>
          <div
            class="css-q34js2"
            data-component-name="Box"
          >
            <p
              class="css-1d6m1sj"
              data-component-name="Paragraph"
            >
              <span
                class="css-onif9v"
                data-component-name="Text"
              >
                No tasks yet
              </span>
            </p>
          </div>
        </div>
      </div>
    </div>
    <div
      class="css-16gbgy6"
      data-component-name="ChallengeColumn"
      data-id="in-progress"
    >
      <h4
        class="css-mgc95p"
        data-component-name="H4"
      >
        In Progress
      </h4>
      <div
        class="css-1g9f7v4"
        data-component-name="TodoList"
      >
        <div
          class="css-ldpr0n"
          data-component-name="NonIdealState"
        >
          <div
            class="css-z5ifs4"
            data-component-name="Flex"
          >
            <span
              class="css-1l1reyq"
              data-component-name="Icon"
              name="tasklist"
            />
          </div>
          <div
            class="css-q34js2"
            data-component-name="Box"
          >
            <p
              class="css-1d6m1sj"
              data-component-name="Paragraph"
            >
              <span
                class="css-onif9v"
                data-component-name="Text"
              >
                No tasks yet
              </span>
            </p>
          </div>
        </div>
      </div>
    </div>
    <div
      class="css-16gbgy6"
      data-component-name="ChallengeColumn"
      data-id="done"
    >
      <h4
        class="css-mgc95p"
        data-component-name="H4"
      >
        Done
      </h4>
      <div
        class="css-1g9f7v4"
        data-component-name="TodoList"
      >
        <div
          class="css-ldpr0n"
          data-component-name="NonIdealState"
        >
          <div
            class="css-z5ifs4"
            data-component-name="Flex"
          >
            <span
              class="css-1l1reyq"
              data-component-name="Icon"
              name="tasklist"
            />
          </div>
          <div
            class="css-q34js2"
            data-component-name="Box"
          >
            <p
              class="css-1d6m1sj"
              data-component-name="Paragraph"
            >
              <span
                class="css-onif9v"
                data-component-name="Text"
              >
                No tasks yet
              </span>
            </p>
          </div>
        </div>
      </div>
    </div>
  </div>
  <div
    class="css-12xm4i9"
    data-component-name="Flex"
  >
    <form
      class="css-h2rdtk"
      data-component-name="ChallengeForm"
      method="POST"
    >
      <div
        class="css-c46fep"
        data-component-name="Flex"
      >
        <input
          class="css-dro6bi"
          data-component-name="Input"
          id="content"
          name="content"
          placeholder="Add a new task"
          required=""
        />
        <button
          class="css-7hon60"
          data-component-name="Button"
          type="submit"
        >
          <span
            class="css-1sm3hig"
            data-component-name="Icon"
            name="plus-heavy"
          />
        </button>
      </div>
    </form>
    <p
      class="css-v84yan"
      data-component-name="Paragraph"
    >
      <span
        class="css-3trm42"
        data-component-name="Text"
      >
        You can also drag and drop between columns.
      </span>
    </p>
  </div>
</div>
`;
